Mean and RMS of, o3mr_inc,  -0.120E-07,   0.199E-06
Mean and RMS of, sphum_inc,   0.296E-04,   0.473E-03
Mean and RMS of, T_inc,   0.378E-02,   0.604E+00
Mean and RMS of, u_inc,   0.475E-01,   0.136E+01
Mean and RMS of, v_inc,  -0.588E-02,   0.135E+01
Mean and RMS of, delp_inc,   0.313E-01,   0.223E+01
Mean and RMS of, delz_inc,  -0.319E-01,   0.407E+00
