Mean and RMS of, pt_inc,  -0.657E-02,   0.944E-01
Mean and RMS of, s_inc,   0.108E-02,   0.330E-01
Mean and RMS of, u_inc,   0.300E-03,   0.304E-01
Mean and RMS of, v_inc,   0.155E-03,   0.283E-01
Mean and RMS of, SSH,   0.667E-01,   0.664E+00
Mean and RMS of, Salinity,   0.348E+02,   0.348E+02
Mean and RMS of, Temperature,   0.112E+02,   0.150E+02
Mean and RMS of, Speed of Currents,   0.928E-01,   0.154E+00
